<!DOCTYPE html>
<html>
<head>
  
</head>
<body>
  <p>Hello</p>
<script></script>

<p style="color:red;">Hello</p>
<span style="color:red;">Again</span>
</body>
</html>
