<!DOCTYPE html>
<html>
<head>
  <style>
  p, div { margin:5px; padding:5px; }
  .border { border: 2px solid red; }
  .background { background:yellow; }
  </style>
  
</head>
<body>
  <div class="border">
    <p class="border background">First Paragraph</p>
    <p class="border background">Second Paragraph</p>
  </div>
<script>
    

</script>

</body>
</html>
