<!DOCTYPE html>
<html>
<head>
  <style>
  div { color:blue; }
  span { color:red; }
  b { font-weight:bolder; }
        </style>
 
</head>
<body>
  
  <div id="div-id0">Zero-th <span>(ID = '<b>div-id0</b>')</span>
</div>
  <div id="div-id1">First <span>(ID = '<b>div-id1</b>')</span>
</div>
  <div id="div-id2">Second <span>(ID = '<b>div-id2</b>')</span>
</div>



</body>
</html>
