<!DOCTYPE html>
<html>
<head>
  <style>
  body { font-size:16px; font-weight:bolder; }
  span { color:blue; }
  p { margin:5px 0; }
  </style>
 
</head>
<body>
  <p>Hello (this is a paragraph)</p>

  <div><span style="border-bottom:3px double red;">Hello Again (this span is a child of the a div)</span></div>
  <p>And <span>Again</span> (in another paragraph)</p>

  <div>And One Last <span style="border-bottom:3px double red;">Time</span> (most text directly in a div)</div>
<script></script>

</body>
</html>
