<!DOCTYPE html>
<html>
<head>
  <style>
  li { margin: 3px; padding: 3px; background: #EEEEEE; }
  li.hilight { background: yellow; }
  </style>

</head>
<body>
  <ul>
    <li style="color:blue;" class="hilight"><b>Click me!</b></li>
    <li style="color:blue;" class="hilight">You can also <b>Click me!</b>
</li>
  </ul>
<script>
  
</script>

</body>
</html>
