<!DOCTYPE html>
<html>
<head>
  <style>
 div { width:60px; height:60px; margin:10px; float:left; }
 p { clear:left; font-weight:bold; font-size:16px; 
     color:blue; margin:0 10px; padding:2px; }
 </style>
  
</head>
<body>
  <div style="border:2px solid red; background:yellow;"></div>

  <div style="border:2px solid red; background:yellow;"></div>
  <div style="border:2px solid red; background:yellow;"></div>
  <div style="border:2px solid red; background:yellow;"></div>
  <div style="border:2px solid red; background:yellow;"></div>
  <div style="border:2px solid red; background:yellow;"></div>

  <p style="background:yellow; background:yellow;">Added this... (notice no border)</p>
<script>


</script>

</body>
</html>
