<!DOCTYPE html>
<html>
<head>
  <style>
  div { color:blue; font-size:18px; }
  </style>
  
</head>
<body>
  <div>
<b style="color:red;">Wow!!!!</b> Such excitement...</div>
  <div>
<b style="color:red;">Wow!!!!</b> Such excitement...</div>
  <div>
<b style="color:red;">Wow!!!!</b> Such excitement...</div>
<script>

    

</script>

</body>
</html>
