<!DOCTYPE html>
<html>
<head>

</head>
<body>
  <dl>
  <dt id="term-1">term 1</dt>
  <dd style="background-color:red; color:green;">definition 1-a</dd>
  <dd style="background-color:red; color:green;">definition 1-b</dd>
  <dd style="background-color:red; color:green;">definition 1-c</dd>
  <dd style="background-color:red; color:green;">definition 1-d</dd>

  <dt id="term-2">term 2</dt>
  <dd style="color:green;">definition 2-a</dd>
  <dd style="color:green;">definition 2-b</dd>
  <dd style="color:green;">definition 2-c</dd>

  <dt id="term-3">term 3</dt>
  <dd>definition 3-a</dd>
  <dd>definition 3-b</dd>
</dl>

</body>
</html>
