<!DOCTYPE html>
<html>
<head>

</head>
<body>
  <div><span>Hello</span></div>

  <p class="selected" style="background:yellow;">Hello Again</p>
  <p>And Again</p>
<script></script>

</body>
</html>
