<!DOCTYPE html>
<html>
<head>
  <style>

  p { margin: 4px; font-size:16px; font-weight:bolder; }
  .blue { color:blue; }
  .under { text-decoration:underline; }
  .highlight { background:yellow; }
  </style>
  <script></script>
</head>
<body>
  <p class="blue under">Hello</p>
  <p class="highlight" style="color:pink;">and</p>
  <p class="blue under">then</p>

  <p class="" style="color:pink;">Goodbye</p>

</body>
</html>
