<!DOCTYPE html>
<html>
<head>
  <style>

  p { margin: 4px; font-size:16px; font-weight:bolder;
      cursor:pointer; }
  .blue { color:blue; }
  .highlight { background:yellow; }
  </style>
</head>
<body>
  <p class="blue highlight">Click to toggle</p>
  <p class="blue">highlight</p>
  <p class="blue highlight">on these</p>
  <p class="blue highlight">paragraphs</p>
<script>
    
</script>

</body>
</html>
