<!DOCTYPE html>
<html>
<head>
  <style>
  body { color:blue; }
  </style>
  
</head>
<body>
  <select id="single">
    <option>Single</option>
    <option selected>Single2</option>
    <option>Single3</option>
  </select>

  <select id="multiple" multiple>
    <option>Multiple</option>
    <option selected>Multiple2</option>
    <option selected>Multiple3</option>
  </select><br>
  <input type="checkbox" name="checkboxname" value="check1" checked> check1
  <input type="checkbox" name="checkboxname" value="check2" checked> check2
  <input type="radio" name="r" value="radio1" checked> radio1
  <input type="radio" name="r" value="radio2"> radio2
  
  
  <input id="test" type="test" value="sssss">
  
<script>
    
    

</script>

</body>
</html>
