<!DOCTYPE html>
<html>
<head>
  <style>

  div { border:2px blue solid; margin:2px; padding:2px; }
  p { background:yellow; margin:2px; padding:2px; }
  strong { color:red; }
  </style>

</head>
<body>
  <div><div><p><em><b><span>Span Text</span><span>Another One</span></b></em></p></div></div>
  <strong>What about me?</strong>
  

</body>
</html>
